
> frontend@0.0.0 build
> vite build

[36mvite v7.3.0 [32mbuilding client environment for production...[36m[39m
transforming...
[32mΓ£ô[39m 39 modules transformed.
node.exe : [31mΓ£ù[39m 
Build failed in 5.64s
At C:\Program 
Files\nodejs\npm.ps1:29 
char:3
+   & $NODE_EXE $NPM_CLI_JS 
$args
+   
~~~~~~~~~~~~~~~~~~~~~~~~~~~~~
    + CategoryInfo           
   : NotSpecified: ([31mΓ£  
  ù[39m Build failed in 5   
 .64s:String) [], RemoteE    
xception
    + FullyQualifiedErrorId  
   : NativeCommandError
 
[31merror during build:
[31mCould not resolve 
"./index.css" from "src/compo
nents/ToastContainer.jsx"[31
m
file: [36mF:/Mern/frontend/s
rc/components/ToastContainer.
jsx[31m
    at getRollupError (file:/
//F:/Mern/frontend/node_modul
es/rollup/dist/es/shared/pars
eAst.js:401:41)
    at error (file:///F:/Mern
/frontend/node_modules/rollup
/dist/es/shared/parseAst.js:3
97:42)
    at ModuleLoader.handleInv
alidResolvedId (file:///F:/Me
rn/frontend/node_modules/roll
up/dist/es/shared/node-entry.
js:21661:24)
    at file:///F:/Mern/fronte
nd/node_modules/rollup/dist/e
s/shared/node-entry.js:21621:
26[39m
